   Compiling proc-macro2 v1.0.106
   Compiling quote v1.0.45
   Compiling unicode-ident v1.0.24
   Compiling libc v0.2.186
   Compiling cfg-if v1.0.4
   Compiling smallvec v1.15.1
   Compiling serde_core v1.0.228
   Compiling itoa v1.0.18
   Compiling bytes v1.11.1
   Compiling pin-project-lite v0.2.17
   Compiling parking_lot_core v0.9.12
   Compiling scopeguard v1.2.0
   Compiling serde v1.0.228
   Compiling once_cell v1.21.4
   Compiling shlex v1.3.0
   Compiling futures-core v0.3.32
   Compiling find-msvc-tools v0.1.9
   Compiling pkg-config v0.3.33
   Compiling stable_deref_trait v1.2.1
   Compiling futures-sink v0.3.32
   Compiling getrandom v0.3.4
   Compiling slab v0.4.12
   Compiling version_check v0.9.5
   Compiling bitflags v2.11.1
   Compiling equivalent v1.0.2
   Compiling log v0.4.29
   Compiling httparse v1.10.1
   Compiling zerocopy v0.8.48
   Compiling hashbrown v0.17.1
   Compiling autocfg v1.5.1
   Compiling zmij v1.0.21
   Compiling percent-encoding v2.3.2
   Compiling vcpkg v0.2.15
   Compiling futures-task v0.3.32
   Compiling typenum v1.20.0
   Compiling glob v0.3.3
   Compiling crossbeam-utils v0.8.21
   Compiling serde_json v1.0.150
   Compiling writeable v0.6.3
   Compiling prettyplease v0.2.37
   Compiling litemap v0.8.2
   Compiling regex-syntax v0.8.10
   Compiling icu_normalizer_data v2.2.0
   Compiling memchr v2.8.0
   Compiling fnv v1.0.7
   Compiling atomic-waker v1.1.2
   Compiling try-lock v0.2.5
   Compiling rustversion v1.0.22
   Compiling minimal-lexical v0.2.1
   Compiling tower-service v0.3.3
   Compiling utf8_iter v1.0.4
   Compiling icu_properties_data v2.2.0
   Compiling httpdate v1.0.3
   Compiling thiserror v2.0.18
   Compiling heck v0.5.0
   Compiling ref-cast v1.0.25
   Compiling bindgen v0.72.1
   Compiling either v1.16.0
   Compiling openssl v0.10.80
   Compiling foreign-types-shared v0.1.1
   Compiling lock_api v0.4.14
   Compiling winnow v1.0.3
   Compiling cpufeatures v0.2.17
   Compiling futures-channel v0.3.32
   Compiling cc v1.2.62
   Compiling utf8parse v0.2.2
   Compiling rustc-hash v2.1.2
   Compiling base64 v0.22.1
   Compiling tracing-core v0.1.36
   Compiling libloading v0.8.9
   Compiling want v0.3.1
   Compiling anstyle-parse v1.0.0
   Compiling foreign-types v0.3.2
   Compiling dyn-clone v1.0.20
   Compiling utf-8 v0.7.6
   Compiling data-encoding v2.11.0
   Compiling anstyle-query v1.1.5
   Compiling itertools v0.13.0
   Compiling colorchoice v1.0.5
   Compiling is_terminal_polyfill v1.70.2
   Compiling toml_datetime v1.1.1+spec-1.1.0
   Compiling hashbrown v0.14.5
   Compiling anstyle v1.0.14
   Compiling native-tls v0.2.18
   Compiling form_urlencoded v1.2.2
   Compiling iana-time-zone v0.1.65
   Compiling clap_lex v1.1.0
   Compiling foldhash v0.1.5
   Compiling aliasable v0.1.3
   Compiling strsim v0.11.1
   Compiling openssl-probe v0.2.1
   Compiling lazy_static v1.5.0
   Compiling sync_wrapper v1.0.2
   Compiling clang-sys v1.8.1
   Compiling nom v7.1.3
   Compiling thread_local v1.1.9
   Compiling tower-layer v0.3.3
   Compiling humantime v2.3.0
   Compiling nu-ansi-term v0.50.3
   Compiling crossbeam-epoch v0.9.20
   Compiling raw-cpuid v11.6.0
   Compiling generic-array v0.14.7
   Compiling anstream v1.0.0
   Compiling sharded-slab v0.1.7
   Compiling nibble_vec v0.1.0
   Compiling ryu v1.0.23
   Compiling endian-type v0.1.2
   Compiling foldhash v0.2.0
   Compiling zeroize v1.8.2
   Compiling encoding_rs v0.8.35
   Compiling aho-corasick v1.1.4
   Compiling sketches-ddsketch v0.3.1
   Compiling mime v0.3.17
   Compiling http v1.4.0
   Compiling num-traits v0.2.19
   Compiling tracing-log v0.2.0
   Compiling indexmap v2.14.0
   Compiling radix_trie v0.2.1
   Compiling hashbrown v0.16.1
   Compiling rustls-pki-types v1.14.1
   Compiling clap_builder v4.6.0
   Compiling toml_parser v1.1.2+spec-1.1.0
   Compiling openssl-sys v0.9.116
   Compiling syn v2.0.117
   Compiling rapidhash v4.5.1
   Compiling arc-swap v1.9.1
   Compiling regex-automata v0.4.14
   Compiling errno v0.3.14
   Compiling socket2 v0.6.3
   Compiling mio v1.2.0
   Compiling toml_edit v0.25.11+spec-1.1.0
   Compiling block-buffer v0.10.4
   Compiling crypto-common v0.1.7
   Compiling metrics v0.24.6
   Compiling signal-hook-registry v1.4.8
   Compiling http-body v1.0.1
   Compiling digest v0.10.7
   Compiling rand_core v0.9.5
   Compiling parking_lot v0.12.5
   Compiling dashmap v6.2.1
   Compiling http-body-util v0.1.3
   Compiling chrono v0.4.44
   Compiling rmp v0.8.15
   Compiling ordered-float v5.3.0
   Compiling sha1 v0.10.6
   Compiling rand_xoshiro v0.7.0
   Compiling cexpr v0.6.0
   Compiling quanta v0.12.6
   Compiling proc-macro-crate v3.5.0
   Compiling serde_bytes v0.11.19
   Compiling regex v1.12.3
   Compiling matchers v0.2.0
   Compiling synstructure v0.13.2
   Compiling serde_derive_internals v0.29.1
   Compiling ppv-lite86 v0.2.21
   Compiling zerofrom-derive v0.1.7
   Compiling serde_derive v1.0.228
   Compiling tokio-macros v2.7.0
   Compiling yoke-derive v0.8.2
   Compiling zerovec-derive v0.11.3
   Compiling displaydoc v0.2.5
   Compiling tracing-attributes v0.1.31
   Compiling futures-macro v0.3.32
   Compiling thiserror-impl v2.0.18
   Compiling ref-cast-impl v1.0.25
   Compiling openssl-macros v0.1.1
   Compiling strum_macros v0.28.0
   Compiling enumflags2_derive v0.7.12
   Compiling clap_derive v4.6.1
   Compiling ruapc-macro v0.2.0-alpha.5 (/tmp/ruapc-wrid-final/ruapc-macro)
   Compiling serde-inline-default v0.2.3
   Compiling schemars_derive v1.2.1
   Compiling rand_chacha v0.9.0
   Compiling rand v0.9.4
   Compiling tokio v1.52.3
   Compiling futures-util v0.3.32
   Compiling zerofrom v0.1.8
   Compiling yoke v0.8.2
   Compiling tracing v0.1.44
   Compiling zerovec v0.11.6
   Compiling zerotrie v0.2.4
   Compiling tungstenite v0.27.0
   Compiling metrics-util v0.20.4
   Compiling tracing-subscriber v0.3.23
   Compiling clap v4.6.1
   Compiling strum v0.28.0
   Compiling tinystr v0.8.3
   Compiling potential_utf v0.1.5
   Compiling icu_collections v2.2.0
   Compiling icu_locale_core v2.2.0
   Compiling icu_provider v2.2.0
   Compiling ipnet v2.12.0
   Compiling schemars v1.2.1
   Compiling enumflags2 v0.7.12
   Compiling openapiv3 v2.2.0
   Compiling humantime-serde v1.1.1
   Compiling rmp-serde v1.3.1
   Compiling serde_urlencoded v0.7.1
   Compiling icu_normalizer v2.2.0
   Compiling icu_properties v2.2.0
   Compiling idna_adapter v1.2.2
   Compiling idna v1.1.0
   Compiling url v2.5.8
   Compiling ruapc-rdma v0.2.0-alpha.5 (/tmp/ruapc-wrid-final/ruapc-rdma)
   Compiling tokio-util v0.7.18
   Compiling tokio-tungstenite v0.27.0
   Compiling ruapc-bufpool v0.2.0-alpha.5 (/tmp/ruapc-wrid-final/ruapc-bufpool)
   Compiling tokio-native-tls v0.3.1
   Compiling tower v0.5.3
   Compiling tower-http v0.6.11
   Compiling h2 v0.4.14
   Compiling hyper v1.9.0
   Compiling hyper-util v0.1.20
   Compiling hyper-tungstenite v0.18.0
   Compiling hyper-tls v0.6.0
   Compiling ruapc v0.2.0-alpha.5 (/tmp/ruapc-wrid-final/ruapc)
   Compiling reqwest v0.12.28
    Finished `bench` profile [optimized] target(s) in 18.33s
  Executable benches/echo.rs (/tmp/ruapc-wrid-final-target/release/deps/echo-3cf06c283b4c4119)
  Executable benches/remote_memory.rs (/tmp/ruapc-wrid-final-target/release/deps/remote_memory-747d67d7cd0b06b0)
